// Jest Snapshot v1, https://goo.gl/fbAQLP

exports[`renders correctly 1`] = `
<div>
  <header>
    <h1>
      Sectors
    </h1>
  </header>
  <div
    className="search"
  >
    <input
      className="search"
      name="search"
      onChange={[Function]}
      placeholder="Search for sectors"
      type="text"
      value=""
    />
  </div>
  <ul
    className="tree-view"
  >
    <li
      className="sector "
    >
      <input
        checked={false}
        name="1"
        onChange={[Function]}
        type="checkbox"
      />
      <span
        aria-checked={false}
        id="1"
        onClick={[Function]}
        role="checkbox"
      >
        Oil & Gas
      </span>
    </li>
    <li
      className="sector "
    >
      <input
        checked={false}
        name="44"
        onChange={[Function]}
        type="checkbox"
      />
      <span
        aria-checked={false}
        id="44"
        onClick={[Function]}
        role="checkbox"
      >
        Materials
      </span>
    </li>
    <li
      className="sector "
    >
      <input
        checked={false}
        name="299"
        onChange={[Function]}
        type="checkbox"
      />
      <span
        aria-checked={false}
        id="299"
        onClick={[Function]}
        role="checkbox"
      >
        Capital Goods
      </span>
    </li>
    <li
      className="sector "
    >
      <input
        checked={false}
        name="575"
        onChange={[Function]}
        type="checkbox"
      />
      <span
        aria-checked={false}
        id="575"
        onClick={[Function]}
        role="checkbox"
      >
        Commercial and Professional Services
      </span>
    </li>
    <li
      className="sector "
    >
      <input
        checked={false}
        name="778"
        onChange={[Function]}
        type="checkbox"
      />
      <span
        aria-checked={false}
        id="778"
        onClick={[Function]}
        role="checkbox"
      >
        Transportation
      </span>
    </li>
    <li
      className="sector "
    >
      <input
        checked={false}
        name="860"
        onChange={[Function]}
        type="checkbox"
      />
      <span
        aria-checked={false}
        id="860"
        onClick={[Function]}
        role="checkbox"
      >
        Automobiles and Components
      </span>
    </li>
    <li
      className="sector expanded"
    >
      <input
        checked={false}
        name="943"
        onChange={[Function]}
        type="checkbox"
      />
      <span
        aria-checked={true}
        id="943"
        onClick={[Function]}
        role="checkbox"
      >
        Consumer Durables and Apparel
      </span>
      <ul
        className="tree-view"
      >
        <li
          className="sector expanded"
        >
          <input
            checked={false}
            name="944"
            onChange={[Function]}
            type="checkbox"
          />
          <span
            aria-checked={true}
            id="944"
            onClick={[Function]}
            role="checkbox"
          >
            Household Durables
          </span>
          <ul
            className="tree-view"
          >
            <li
              className="sector expanded"
            >
              <input
                checked={false}
                name="945"
                onChange={[Function]}
                type="checkbox"
              />
              <span
                aria-checked={true}
                id="945"
                onClick={[Function]}
                role="checkbox"
              >
                Consumer Electronics
              </span>
              <ul
                className="tree-view"
              >
                <li
                  className="sector "
                >
                  <input
                    checked={false}
                    name="946"
                    onChange={[Function]}
                    type="checkbox"
                  />
                  <span
                    aria-checked={false}
                    id="946"
                    onClick={[Function]}
                    role="checkbox"
                  >
                    Audio Equipment
                  </span>
                </li>
                <li
                  className="sector "
                >
                  <input
                    checked={true}
                    name="956"
                    onChange={[Function]}
                    type="checkbox"
                  />
                  <span
                    aria-checked={false}
                    id="956"
                    onClick={[Function]}
                    role="checkbox"
                  >
                    Consumer Electronics Accessories
                  </span>
                </li>
                <li
                  className="sector "
                >
                  <input
                    checked={false}
                    name="958"
                    onChange={[Function]}
                    type="checkbox"
                  />
                  <span
                    aria-checked={false}
                    id="958"
                    onClick={[Function]}
                    role="checkbox"
                  >
                    Consumer Electronics Peripherals
                  </span>
                </li>
                <li
                  className="sector "
                >
                  <input
                    checked={false}
                    name="962"
                    onChange={[Function]}
                    type="checkbox"
                  />
                  <span
                    aria-checked={false}
                    id="962"
                    onClick={[Function]}
                    role="checkbox"
                  >
                    Security and Alarm Systems
                  </span>
                </li>
                <li
                  className="sector "
                >
                  <input
                    checked={false}
                    name="972"
                    onChange={[Function]}
                    type="checkbox"
                  />
                  <span
                    aria-checked={false}
                    id="972"
                    onClick={[Function]}
                    role="checkbox"
                  >
                    Video Equipment
                  </span>
                </li>
              </ul>
            </li>
            <li
              className="sector "
            >
              <input
                checked={false}
                name="978"
                onChange={[Function]}
                type="checkbox"
              />
              <span
                aria-checked={false}
                id="978"
                onClick={[Function]}
                role="checkbox"
              >
                Home Furnishings
              </span>
            </li>
            <li
              className="sector "
            >
              <input
                checked={false}
                name="1021"
                onChange={[Function]}
                type="checkbox"
              />
              <span
                aria-checked={false}
                id="1021"
                onClick={[Function]}
                role="checkbox"
              >
                Homebuilding
              </span>
            </li>
            <li
              className="sector "
            >
              <input
                checked={false}
                name="1025"
                onChange={[Function]}
                type="checkbox"
              />
              <span
                aria-checked={false}
                id="1025"
                onClick={[Function]}
                role="checkbox"
              >
                Household Appliances
              </span>
            </li>
            <li
              className="sector "
            >
              <input
                checked={false}
                name="1071"
                onChange={[Function]}
                type="checkbox"
              />
              <span
                aria-checked={false}
                id="1071"
                onClick={[Function]}
                role="checkbox"
              >
                Housewares and Specialties
              </span>
            </li>
          </ul>
        </li>
        <li
          className="sector "
        >
          <input
            checked={false}
            name="1090"
            onChange={[Function]}
            type="checkbox"
          />
          <span
            aria-checked={false}
            id="1090"
            onClick={[Function]}
            role="checkbox"
          >
            Leisure Equipment and Products
          </span>
        </li>
        <li
          className="sector "
        >
          <input
            checked={false}
            name="1136"
            onChange={[Function]}
            type="checkbox"
          />
          <span
            aria-checked={false}
            id="1136"
            onClick={[Function]}
            role="checkbox"
          >
            Textiles, Apparel and Luxury Goods
          </span>
        </li>
      </ul>
    </li>
    <li
      className="sector "
    >
      <input
        checked={false}
        name="1276"
        onChange={[Function]}
        type="checkbox"
      />
      <span
        aria-checked={false}
        id="1276"
        onClick={[Function]}
        role="checkbox"
      >
        Consumer Services
      </span>
    </li>
    <li
      className="sector "
    >
      <input
        checked={false}
        name="1417"
        onChange={[Function]}
        type="checkbox"
      />
      <span
        aria-checked={false}
        id="1417"
        onClick={[Function]}
        role="checkbox"
      >
        Media
      </span>
    </li>
    <li
      className="sector "
    >
      <input
        checked={false}
        name="1536"
        onChange={[Function]}
        type="checkbox"
      />
      <span
        aria-checked={false}
        id="1536"
        onClick={[Function]}
        role="checkbox"
      >
        Retailing
      </span>
    </li>
    <li
      className="sector "
    >
      <input
        checked={false}
        name="1735"
        onChange={[Function]}
        type="checkbox"
      />
      <span
        aria-checked={false}
        id="1735"
        onClick={[Function]}
        role="checkbox"
      >
        Food and Staples Retailing
      </span>
    </li>
    <li
      className="sector "
    >
      <input
        checked={false}
        name="1756"
        onChange={[Function]}
        type="checkbox"
      />
      <span
        aria-checked={false}
        id="1756"
        onClick={[Function]}
        role="checkbox"
      >
        Food, Beverage and Tobacco
      </span>
    </li>
    <li
      className="sector "
    >
      <input
        checked={false}
        name="1926"
        onChange={[Function]}
        type="checkbox"
      />
      <span
        aria-checked={false}
        id="1926"
        onClick={[Function]}
        role="checkbox"
      >
        Household and Personal Products
      </span>
    </li>
    <li
      className="sector "
    >
      <input
        checked={false}
        name="1969"
        onChange={[Function]}
        type="checkbox"
      />
      <span
        aria-checked={false}
        id="1969"
        onClick={[Function]}
        role="checkbox"
      >
        Healthcare Equipment and Services
      </span>
    </li>
    <li
      className="sector "
    >
      <input
        checked={false}
        name="2119"
        onChange={[Function]}
        type="checkbox"
      />
      <span
        aria-checked={false}
        id="2119"
        onClick={[Function]}
        role="checkbox"
      >
        Pharma, Biotech & Life Sciences
      </span>
    </li>
    <li
      className="sector "
    >
      <input
        checked={false}
        name="2160"
        onChange={[Function]}
        type="checkbox"
      />
      <span
        aria-checked={false}
        id="2160"
        onClick={[Function]}
        role="checkbox"
      >
        Banks
      </span>
    </li>
    <li
      className="sector "
    >
      <input
        checked={false}
        name="2181"
        onChange={[Function]}
        type="checkbox"
      />
      <span
        aria-checked={false}
        id="2181"
        onClick={[Function]}
        role="checkbox"
      >
        Diversified Financials
      </span>
    </li>
    <li
      className="sector "
    >
      <input
        checked={false}
        name="2251"
        onChange={[Function]}
        type="checkbox"
      />
      <span
        aria-checked={false}
        id="2251"
        onClick={[Function]}
        role="checkbox"
      >
        Insurance
      </span>
    </li>
    <li
      className="sector "
    >
      <input
        checked={false}
        name="2285"
        onChange={[Function]}
        type="checkbox"
      />
      <span
        aria-checked={false}
        id="2285"
        onClick={[Function]}
        role="checkbox"
      >
        Real Estate
      </span>
    </li>
    <li
      className="sector "
    >
      <input
        checked={false}
        name="2319"
        onChange={[Function]}
        type="checkbox"
      />
      <span
        aria-checked={false}
        id="2319"
        onClick={[Function]}
        role="checkbox"
      >
        Semiconductors and Equipment
      </span>
    </li>
    <li
      className="sector "
    >
      <input
        checked={false}
        name="2342"
        onChange={[Function]}
        type="checkbox"
      />
      <span
        aria-checked={false}
        id="2342"
        onClick={[Function]}
        role="checkbox"
      >
        Software and Services
      </span>
    </li>
    <li
      className="sector "
    >
      <input
        checked={false}
        name="2621"
        onChange={[Function]}
        type="checkbox"
      />
      <span
        aria-checked={false}
        id="2621"
        onClick={[Function]}
        role="checkbox"
      >
        Technology Hardware and Equipment
      </span>
    </li>
    <li
      className="sector "
    >
      <input
        checked={false}
        name="2776"
        onChange={[Function]}
        type="checkbox"
      />
      <span
        aria-checked={false}
        id="2776"
        onClick={[Function]}
        role="checkbox"
      >
        Telecommunication Services
      </span>
    </li>
    <li
      className="sector "
    >
      <input
        checked={false}
        name="2810"
        onChange={[Function]}
        type="checkbox"
      />
      <span
        aria-checked={false}
        id="2810"
        onClick={[Function]}
        role="checkbox"
      >
        Energy & Utilities
      </span>
    </li>
    <li
      className="sector empty"
    >
      <input
        checked={false}
        name="2835"
        onChange={[Function]}
        type="checkbox"
      />
      <span
        aria-checked={false}
        id="2835"
        onClick={[Function]}
        role="checkbox"
      >
        Government and Politics
      </span>
    </li>
    <li
      className="sector empty"
    >
      <input
        checked={false}
        name="2836"
        onChange={[Function]}
        type="checkbox"
      />
      <span
        aria-checked={false}
        id="2836"
        onClick={[Function]}
        role="checkbox"
      >
        Macro
      </span>
    </li>
  </ul>
</div>
`;
